// Jest Snapshot v1, https://goo.gl/fbAQLP

exports[`app renders with no errors 1`] = `
"<div className=\\"navigation\\">
  <h3 className=\\"navigation-logo\\">
     MovieSearch 
  </h3>
  <div className=\\"navigation-search\\">
    <input className=\\"navigation-search__input\\" placeholder=\\"Search for some movies..\\" onKeyPress={[Function]} value=\\"\\" onChange={[Function]} />
    <button className=\\"navigation-search__button\\" onClick={[Function]}>
       Search 
    </button>
  </div>
</div>"
`;
